[4550:0828/061218.453210:ERROR:dbus/bus.cc:408] Failed to connect to the bus: Failed to connect to socket /run/dbus/system_bus_socket: No such file or directory
[4550:0828/061218.453834:ERROR:dbus/bus.cc:408] Failed to connect to the bus: Failed to connect to socket /run/dbus/system_bus_socket: No such file or directory
[4550:0828/061218.454856:ERROR:dbus/bus.cc:408] Failed to connect to the bus: Failed to connect to socket /run/dbus/system_bus_socket: No such file or directory
[4550:0828/061218.454895:ERROR:dbus/bus.cc:408] Failed to connect to the bus: Could not parse server address: Unknown address type (examples of valid types are "tcp" and on UNIX "unix")
[4550:0828/061218.454909:ERROR:dbus/bus.cc:408] Failed to connect to the bus: Could not parse server address: Unknown address type (examples of valid types are "tcp" and on UNIX "unix")
[4550:0828/061218.454914:ERROR:dbus/bus.cc:408] Failed to connect to the bus: Could not parse server address: Unknown address type (examples of valid types are "tcp" and on UNIX "unix")
[4550:0828/061218.454917:ERROR:dbus/bus.cc:408] Failed to connect to the bus: Could not parse server address: Unknown address type (examples of valid types are "tcp" and on UNIX "unix")
[4550:0828/061218.454936:ERROR:dbus/object_proxy.cc:590] Failed to call method: org.freedesktop.DBus.NameHasOwner: object_path= /org/freedesktop/DBus: unknown error type: 

DevTools listening on ws://127.0.0.1:46537/devtools/browser/535e0850-f0d2-410a-b6a1-8fb3865fa5bd

================================================================================

  (Run Starting)

  ┌────────────────────────────────────────────────────────────────────────────────────────────────┐
  │ Cypress:        15.0.0                                                                         │
  │ Browser:        Electron 136 (headless)                                                        │
  │ Node Version:   v22.16.0 (/home/ubuntu/.nvm/versions/node/v22.16.0/bin/node)                   │
  │ Specs:          1 found (21_player_name_overlap_prevention.cy.js)                              │
  │ Searched:       tests/21_player_name_overlap_prevention.cy.js                                  │
  └────────────────────────────────────────────────────────────────────────────────────────────────┘


────────────────────────────────────────────────────────────────────────────────────────────────────
                                                                                                    
  Running:  21_player_name_overlap_prevention.cy.js                                         (1 of 1)
[4550:0828/061219.438742:ERROR:dbus/bus.cc:408] Failed to connect to the bus: Could not parse server address: Unknown address type (examples of valid types are "tcp" and on UNIX "unix")


  Player Name Overlap Prevention
    Small Screen Overlap Prevention
[4550:0828/061226.093661:ERROR:dbus/bus.cc:408] Failed to connect to the bus: Could not parse server address: Unknown address type (examples of valid types are "tcp" and on UNIX "unix")
[4550:0828/061226.093698:ERROR:dbus/bus.cc:408] Failed to connect to the bus: Could not parse server address: Unknown address type (examples of valid types are "tcp" and on UNIX "unix")
[4550:0828/061226.093704:ERROR:dbus/bus.cc:408] Failed to connect to the bus: Could not parse server address: Unknown address type (examples of valid types are "tcp" and on UNIX "unix")
      1) should not overlap player names when adding 15 players
[4550:0828/061230.400499:ERROR:dbus/bus.cc:408] Failed to connect to the bus: Could not parse server address: Unknown address type (examples of valid types are "tcp" and on UNIX "unix")
[4550:0828/061230.400523:ERROR:dbus/bus.cc:408] Failed to connect to the bus: Could not parse server address: Unknown address type (examples of valid types are "tcp" and on UNIX "unix")
[4550:0828/061230.400528:ERROR:dbus/bus.cc:408] Failed to connect to the bus: Could not parse server address: Unknown address type (examples of valid types are "tcp" and on UNIX "unix")
      2) should maintain minimum spacing between player names
[4550:0828/061234.627532:ERROR:dbus/bus.cc:408] Failed to connect to the bus: Could not parse server address: Unknown address type (examples of valid types are "tcp" and on UNIX "unix")
[4550:0828/061234.627565:ERROR:dbus/bus.cc:408] Failed to connect to the bus: Could not parse server address: Unknown address type (examples of valid types are "tcp" and on UNIX "unix")
[4550:0828/061234.627571:ERROR:dbus/bus.cc:408] Failed to connect to the bus: Could not parse server address: Unknown address type (examples of valid types are "tcp" and on UNIX "unix")
      3) should adjust player name positioning dynamically on very small circles
    Different Screen Sizes
[4550:0828/061238.892881:ERROR:dbus/bus.cc:408] Failed to connect to the bus: Could not parse server address: Unknown address type (examples of valid types are "tcp" and on UNIX "unix")
[4550:0828/061238.892917:ERROR:dbus/bus.cc:408] Failed to connect to the bus: Could not parse server address: Unknown address type (examples of valid types are "tcp" and on UNIX "unix")
[4550:0828/061238.892923:ERROR:dbus/bus.cc:408] Failed to connect to the bus: Could not parse server address: Unknown address type (examples of valid types are "tcp" and on UNIX "unix")
      4) should prevent overlap on iPhone SE (375x667)
[4550:0828/061243.163536:ERROR:dbus/bus.cc:408] Failed to connect to the bus: Could not parse server address: Unknown address type (examples of valid types are "tcp" and on UNIX "unix")
[4550:0828/061243.163575:ERROR:dbus/bus.cc:408] Failed to connect to the bus: Could not parse server address: Unknown address type (examples of valid types are "tcp" and on UNIX "unix")
[4550:0828/061243.163580:ERROR:dbus/bus.cc:408] Failed to connect to the bus: Could not parse server address: Unknown address type (examples of valid types are "tcp" and on UNIX "unix")
      5) should prevent overlap on iPhone 12 (390x844)
[4550:0828/061247.423866:ERROR:dbus/bus.cc:408] Failed to connect to the bus: Could not parse server address: Unknown address type (examples of valid types are "tcp" and on UNIX "unix")
[4550:0828/061247.423884:ERROR:dbus/bus.cc:408] Failed to connect to the bus: Could not parse server address: Unknown address type (examples of valid types are "tcp" and on UNIX "unix")
[4550:0828/061247.423890:ERROR:dbus/bus.cc:408] Failed to connect to the bus: Could not parse server address: Unknown address type (examples of valid types are "tcp" and on UNIX "unix")
      6) should prevent overlap on iPad Mini (768x1024)
[4550:0828/061251.685114:ERROR:dbus/bus.cc:408] Failed to connect to the bus: Could not parse server address: Unknown address type (examples of valid types are "tcp" and on UNIX "unix")
[4550:0828/061251.685136:ERROR:dbus/bus.cc:408] Failed to connect to the bus: Could not parse server address: Unknown address type (examples of valid types are "tcp" and on UNIX "unix")
[4550:0828/061251.685151:ERROR:dbus/bus.cc:408] Failed to connect to the bus: Could not parse server address: Unknown address type (examples of valid types are "tcp" and on UNIX "unix")
      7) should prevent overlap on Desktop (1280x800)
    Dynamic Player Addition
[4550:0828/061256.093720:ERROR:dbus/bus.cc:408] Failed to connect to the bus: Could not parse server address: Unknown address type (examples of valid types are "tcp" and on UNIX "unix")
[4550:0828/061256.093754:ERROR:dbus/bus.cc:408] Failed to connect to the bus: Could not parse server address: Unknown address type (examples of valid types are "tcp" and on UNIX "unix")
[4550:0828/061256.093759:ERROR:dbus/bus.cc:408] Failed to connect to the bus: Could not parse server address: Unknown address type (examples of valid types are "tcp" and on UNIX "unix")
      8) should maintain no overlap when adding players one by one
    Edge Cases
[4550:0828/061300.330593:ERROR:dbus/bus.cc:408] Failed to connect to the bus: Could not parse server address: Unknown address type (examples of valid types are "tcp" and on UNIX "unix")
[4550:0828/061300.330624:ERROR:dbus/bus.cc:408] Failed to connect to the bus: Could not parse server address: Unknown address type (examples of valid types are "tcp" and on UNIX "unix")
[4550:0828/061300.330630:ERROR:dbus/bus.cc:408] Failed to connect to the bus: Could not parse server address: Unknown address type (examples of valid types are "tcp" and on UNIX "unix")
      9) should handle very long player names without overlap


  0 passing (39s)
  9 failing

  1) Player Name Overlap Prevention
       Small Screen Overlap Prevention
         should not overlap player names when adding 15 players:
     AssertionError: Timed out retrying after 4000ms: Expected to find element: `#add-player`, but never found it.
      at Context.eval (webpack:///./tests/21_player_name_overlap_prevention.cy.js:16:11)

  2) Player Name Overlap Prevention
       Small Screen Overlap Prevention
         should maintain minimum spacing between player names:
     AssertionError: Timed out retrying after 4000ms: Expected to find element: `#add-player`, but never found it.
      at Context.eval (webpack:///./tests/21_player_name_overlap_prevention.cy.js:71:11)

  3) Player Name Overlap Prevention
       Small Screen Overlap Prevention
         should adjust player name positioning dynamically on very small circles:
     AssertionError: Timed out retrying after 4000ms: Expected to find element: `#add-player`, but never found it.
      at Context.eval (webpack:///./tests/21_player_name_overlap_prevention.cy.js:119:11)

  4) Player Name Overlap Prevention
       Different Screen Sizes
         should prevent overlap on iPhone SE (375x667):
     AssertionError: Timed out retrying after 4000ms: Expected to find element: `#add-player`, but never found it.
      at Context.eval (webpack:///./tests/21_player_name_overlap_prevention.cy.js:159:13)

  5) Player Name Overlap Prevention
       Different Screen Sizes
         should prevent overlap on iPhone 12 (390x844):
     AssertionError: Timed out retrying after 4000ms: Expected to find element: `#add-player`, but never found it.
      at Context.eval (webpack:///./tests/21_player_name_overlap_prevention.cy.js:159:13)

  6) Player Name Overlap Prevention
       Different Screen Sizes
         should prevent overlap on iPad Mini (768x1024):
     AssertionError: Timed out retrying after 4000ms: Expected to find element: `#add-player`, but never found it.
      at Context.eval (webpack:///./tests/21_player_name_overlap_prevention.cy.js:159:13)

  7) Player Name Overlap Prevention
       Different Screen Sizes
         should prevent overlap on Desktop (1280x800):
     AssertionError: Timed out retrying after 4000ms: Expected to find element: `#add-player`, but never found it.
      at Context.eval (webpack:///./tests/21_player_name_overlap_prevention.cy.js:159:13)

  8) Player Name Overlap Prevention
       Dynamic Player Addition
         should maintain no overlap when adding players one by one:
     AssertionError: Timed out retrying after 4000ms: Expected to find element: `#add-player`, but never found it.
      at Context.eval (webpack:///./tests/21_player_name_overlap_prevention.cy.js:200:11)

  9) Player Name Overlap Prevention
       Edge Cases
         should handle very long player names without overlap:
     AssertionError: Timed out retrying after 4000ms: Expected to find element: `#add-player`, but never found it.
      at eval (webpack:///./tests/21_player_name_overlap_prevention.cy.js:247:11)
  at Array.forEach (<anonymous>)
      at Context.eval (webpack:///./tests/21_player_name_overlap_prevention.cy.js:246:16)




  (Results)

  ┌────────────────────────────────────────────────────────────────────────────────────────────────┐
  │ Tests:        9                                                                                │
  │ Passing:      0                                                                                │
  │ Failing:      9                                                                                │
  │ Pending:      0                                                                                │
  │ Skipped:      0                                                                                │
  │ Screenshots:  9                                                                                │
  │ Video:        false                                                                            │
  │ Duration:     38 seconds                                                                       │
  │ Spec Ran:     21_player_name_overlap_prevention.cy.js                                          │
  └────────────────────────────────────────────────────────────────────────────────────────────────┘


  (Screenshots)

  -  /workspace/cypress/screenshots/21_player_name_overlap_prevention.cy.js/Player Na     (1280x720)
     me Overlap Prevention -- Small Screen Overlap Prevention -- should not overlap p               
     layer names when adding 15 players (failed).png                                                
  -  /workspace/cypress/screenshots/21_player_name_overlap_prevention.cy.js/Player Na     (1280x720)
     me Overlap Prevention -- Small Screen Overlap Prevention -- should maintain mini               
     mum spacing between player names (failed).png                                                  
  -  /workspace/cypress/screenshots/21_player_name_overlap_prevention.cy.js/Player Na     (1280x720)
     me Overlap Prevention -- Small Screen Overlap Prevention -- should adjust player               
      name positioning dynamically on very small circles (failed).png                               
  -  /workspace/cypress/screenshots/21_player_name_overlap_prevention.cy.js/Player Na     (1280x720)
     me Overlap Prevention -- Different Screen Sizes -- should prevent overlap on iPh               
     one SE (375x667) (failed).png                                                                  
  -  /workspace/cypress/screenshots/21_player_name_overlap_prevention.cy.js/Player Na     (1280x720)
     me Overlap Prevention -- Different Screen Sizes -- should prevent overlap on iPh               
     one 12 (390x844) (failed).png                                                                  
  -  /workspace/cypress/screenshots/21_player_name_overlap_prevention.cy.js/Player Na     (1280x720)
     me Overlap Prevention -- Different Screen Sizes -- should prevent overlap on iPa               
     d Mini (768x1024) (failed).png                                                                 
  -  /workspace/cypress/screenshots/21_player_name_overlap_prevention.cy.js/Player Na     (1280x720)
     me Overlap Prevention -- Different Screen Sizes -- should prevent overlap on Des               
     ktop (1280x800) (failed).png                                                                   
  -  /workspace/cypress/screenshots/21_player_name_overlap_prevention.cy.js/Player Na     (1280x720)
     me Overlap Prevention -- Dynamic Player Addition -- should maintain no overlap w               
     hen adding players one by one (failed).png                                                     
  -  /workspace/cypress/screenshots/21_player_name_overlap_prevention.cy.js/Player Na     (1280x720)
     me Overlap Prevention -- Edge Cases -- should handle very long player names with               
     out overlap (failed).png                                                                       


================================================================================

  (Run Finished)


       Spec                                              Tests  Passing  Failing  Pending  Skipped  
  ┌────────────────────────────────────────────────────────────────────────────────────────────────┐
  │ ✖  21_player_name_overlap_prevention.c      00:38        9        -        9        -        - │
  │    y.js                                                                                        │
  └────────────────────────────────────────────────────────────────────────────────────────────────┘
    ✖  1 of 1 failed (100%)                     00:38        9        -        9        -        -  

